2026-07-30 12:46:12,153 - INFO - [MIDCAPNIFTY] yfinance fetched 1871 rows
2026-07-30 12:46:12,688 - INFO - [MIDCAPNIFTY] Inserted 1871 candles
2026-07-30 12:46:30,711 - INFO - [FINNIFTY] Falling back to yfinance
2026-07-30 12:46:31,087 - INFO - [FINNIFTY] ETF volume merged from NIF100BEES.NS
2026-07-30 12:46:31,088 - INFO - [FINNIFTY] yfinance fetched 1871 rows
2026-07-30 12:46:31,536 - INFO - [FINNIFTY] Inserted 1871 candles
2026-07-30 12:46:33,562 - INFO - Cycle complete. README updated.
2026-07-30 13:01:14,840 - INFO - Starting fetch cycle
2026-07-30 13:01:15,374 - INFO - [NIFTY50] TV fetched 1875 rows
2026-07-30 13:01:16,149 - INFO - [NIFTY50] Inserted 225 candles
2026-07-30 13:01:18,681 - INFO - [BANKNIFTY] TV fetched 1875 rows
2026-07-30 13:01:19,449 - INFO - [BANKNIFTY] Inserted 225 candles
2026-07-30 13:01:21,985 - INFO - [SENSEX] TV fetched 1875 rows
2026-07-30 13:01:22,742 - INFO - [SENSEX] Inserted 225 candles
2026-07-30 13:01:40,608 - INFO - [MIDCAPNIFTY] Falling back to yfinance
2026-07-30 13:01:41,140 - INFO - [MIDCAPNIFTY] ETF volume merged from MIDSELIETF.NS
2026-07-30 13:01:41,141 - INFO - [MIDCAPNIFTY] yfinance fetched 1871 rows
2026-07-30 13:01:41,935 - INFO - [MIDCAPNIFTY] Inserted 1871 candles
2026-07-30 13:01:59,795 - INFO - [FINNIFTY] Falling back to yfinance
2026-07-30 13:02:00,134 - INFO - [FINNIFTY] ETF volume merged from NIF100BEES.NS
2026-07-30 13:02:00,135 - INFO - [FINNIFTY] yfinance fetched 1871 rows
2026-07-30 13:02:00,904 - INFO - [FINNIFTY] Inserted 1871 candles
2026-07-30 13:02:02,939 - INFO - Cycle complete. README updated.
2026-07-30 13:15:45,454 - INFO - Starting fetch cycle
2026-07-30 13:15:46,119 - INFO - [NIFTY50] TV fetched 1875 rows
2026-07-30 13:15:46,878 - INFO - [NIFTY50] Inserted 225 candles
2026-07-30 13:15:49,454 - INFO - [BANKNIFTY] TV fetched 1875 rows
2026-07-30 13:15:50,225 - INFO - [BANKNIFTY] Inserted 225 candles
2026-07-30 13:15:52,791 - INFO - [SENSEX] TV fetched 1875 rows
2026-07-30 13:15:53,547 - INFO - [SENSEX] Inserted 225 candles
2026-07-30 13:16:11,586 - INFO - [MIDCAPNIFTY] Falling back to yfinance
2026-07-30 13:16:12,062 - INFO - [MIDCAPNIFTY] ETF volume merged from MIDSELIETF.NS
2026-07-30 13:16:12,063 - INFO - [MIDCAPNIFTY] yfinance fetched 1871 rows
2026-07-30 13:16:12,848 - INFO - [MIDCAPNIFTY] Inserted 1871 candles
2026-07-30 13:16:30,891 - INFO - [FINNIFTY] Falling back to yfinance
2026-07-30 13:16:31,232 - INFO - [FINNIFTY] ETF volume merged from NIF100BEES.NS
2026-07-30 13:16:31,233 - INFO - [FINNIFTY] yfinance fetched 1871 rows
2026-07-30 13:16:32,013 - INFO - [FINNIFTY] Inserted 1871 candles
2026-07-30 13:16:34,048 - INFO - Cycle complete. README updated.
